{
    "pipeline_default - default": {
        "content": [
            [
                "Ashkenazim/NA24143_<version>_<date>/NA24143.bed",
                "Ashkenazim/NA24143_<version>_<date>/NA24143.haplotypecaller.bcftools_stats.txt",
                "Ashkenazim/NA24143_<version>_<date>/NA24143.haplotypecaller.g.vcf.gz",
                "Ashkenazim/NA24143_<version>_<date>/NA24143.haplotypecaller.g.vcf.gz.tbi",
                "Ashkenazim/NA24143_<version>_<date>/NA24143.per-base.bed.gz",
                "Ashkenazim/NA24143_<version>_<date>/NA24143.per-base.bed.gz.csi",
                "Ashkenazim/NA24143_<version>_<date>/mosdepth/NA24143.global.dist.txt",
                "Ashkenazim/NA24143_<version>_<date>/mosdepth/NA24143.region.dist.txt",
                "Ashkenazim/NA24143_<version>_<date>/mosdepth/NA24143.summary.txt",
                "Ashkenazim/NA24149_<version>_<date>/NA24149.bed",
                "Ashkenazim/NA24149_<version>_<date>/NA24149.haplotypecaller.bcftools_stats.txt",
                "Ashkenazim/NA24149_<version>_<date>/NA24149.haplotypecaller.g.vcf.gz",
                "Ashkenazim/NA24149_<version>_<date>/NA24149.haplotypecaller.g.vcf.gz.tbi",
                "Ashkenazim/NA24149_<version>_<date>/NA24149.per-base.bed.gz",
                "Ashkenazim/NA24149_<version>_<date>/NA24149.per-base.bed.gz.csi",
                "Ashkenazim/NA24149_<version>_<date>/mosdepth/NA24149.global.dist.txt",
                "Ashkenazim/NA24149_<version>_<date>/mosdepth/NA24149.region.dist.txt",
                "Ashkenazim/NA24149_<version>_<date>/mosdepth/NA24149.summary.txt",
                "Ashkenazim/NA24385_<version>_<date>/NA24385.bed",
                "Ashkenazim/NA24385_<version>_<date>/NA24385.haplotypecaller.bcftools_stats.txt",
                "Ashkenazim/NA24385_<version>_<date>/NA24385.haplotypecaller.g.vcf.gz",
                "Ashkenazim/NA24385_<version>_<date>/NA24385.haplotypecaller.g.vcf.gz.tbi",
                "Ashkenazim/NA24385_<version>_<date>/NA24385.per-base.bed.gz",
                "Ashkenazim/NA24385_<version>_<date>/NA24385.per-base.bed.gz.csi",
                "Ashkenazim/NA24385_<version>_<date>/mosdepth/NA24385.global.dist.txt",
                "Ashkenazim/NA24385_<version>_<date>/mosdepth/NA24385.region.dist.txt",
                "Ashkenazim/NA24385_<version>_<date>/mosdepth/NA24385.summary.txt",
                "Ashkenazim/output_<version>_<date>/Ashkenazim.haplotypecaller.bed",
                "Ashkenazim/output_<version>_<date>/Ashkenazim.haplotypecaller.ped",
                "Ashkenazim/output_<version>_<date>/Ashkenazim.haplotypecaller.vcf.gz",
                "Ashkenazim/output_<version>_<date>/Ashkenazim.haplotypecaller.vcf.gz.tbi",
                "Ashkenazim/qc_<version>_<date>/Ashkenazim.haplotypecaller.bcftools_stats.txt",
                "Ashkenazim/qc_<version>_<date>/Ashkenazim.haplotypecaller.html",
                "<version>_<date>/multiqc_report.html",
                "<version>_<date>/samplesheet.csv"
            ]
        ],
        "meta": {
            "nf-test": "0.9.2",
            "nextflow": "25.04.2"
        },
        "timestamp": "2025-05-21T11:46:02.23259705"
    }
}