{
    "pipeline_variations - only_merge": {
        "content": [
            [
                "Ashkenazim/NA24143_<version>_<date>/NA24143.bed",
                "Ashkenazim/NA24143_<version>_<date>/NA24143.haplotypecaller.bcftools_stats.txt",
                "Ashkenazim/NA24143_<version>_<date>/NA24143.haplotypecaller.g.vcf.gz",
                "Ashkenazim/NA24143_<version>_<date>/NA24143.haplotypecaller.g.vcf.gz.tbi",
                "Ashkenazim/NA24143_<version>_<date>/NA24143.per-base.bed.gz",
                "Ashkenazim/NA24143_<version>_<date>/NA24143.per-base.bed.gz.csi",
                "Ashkenazim/NA24143_<version>_<date>/mosdepth/NA24143.global.dist.txt",
                "Ashkenazim/NA24143_<version>_<date>/mosdepth/NA24143.region.dist.txt",
                "Ashkenazim/NA24143_<version>_<date>/mosdepth/NA24143.summary.txt",
                "Ashkenazim/NA24149_<version>_<date>/NA24149.bed",
                "Ashkenazim/NA24149_<version>_<date>/NA24149.haplotypecaller.bcftools_stats.txt",
                "Ashkenazim/NA24149_<version>_<date>/NA24149.haplotypecaller.g.vcf.gz",
                "Ashkenazim/NA24149_<version>_<date>/NA24149.haplotypecaller.g.vcf.gz.tbi",
                "Ashkenazim/NA24149_<version>_<date>/NA24149.per-base.bed.gz",
                "Ashkenazim/NA24149_<version>_<date>/NA24149.per-base.bed.gz.csi",
                "Ashkenazim/NA24149_<version>_<date>/mosdepth/NA24149.global.dist.txt",
                "Ashkenazim/NA24149_<version>_<date>/mosdepth/NA24149.region.dist.txt",
                "Ashkenazim/NA24149_<version>_<date>/mosdepth/NA24149.summary.txt",
                "Ashkenazim/NA24385_<version>_<date>/NA24385.bed",
                "Ashkenazim/NA24385_<version>_<date>/NA24385.haplotypecaller.bcftools_stats.txt",
                "Ashkenazim/NA24385_<version>_<date>/NA24385.haplotypecaller.g.vcf.gz",
                "Ashkenazim/NA24385_<version>_<date>/NA24385.haplotypecaller.g.vcf.gz.tbi",
                "Ashkenazim/NA24385_<version>_<date>/NA24385.per-base.bed.gz",
                "Ashkenazim/NA24385_<version>_<date>/NA24385.per-base.bed.gz.csi",
                "Ashkenazim/NA24385_<version>_<date>/mosdepth/NA24385.global.dist.txt",
                "Ashkenazim/NA24385_<version>_<date>/mosdepth/NA24385.region.dist.txt",
                "Ashkenazim/NA24385_<version>_<date>/mosdepth/NA24385.summary.txt",
                "Ashkenazim/output_<version>_<date>/Ashkenazim_haplotypecaller_genomicsdb",
                "<version>_<date>/multiqc_report.html",
                "<version>_<date>/samplesheet.csv"
            ]
        ],
        "meta": {
            "nf-test": "0.9.2",
            "nextflow": "25.04.2"
        },
        "timestamp": "2025-05-21T11:59:28.595713839"
    },
    "pipeline_variations - filter": {
        "content": [
            [
                "Ashkenazim/NA24143_<version>_<date>/NA24143.bed",
                "Ashkenazim/NA24143_<version>_<date>/NA24143.haplotypecaller.bcftools_stats.txt",
                "Ashkenazim/NA24143_<version>_<date>/NA24143.haplotypecaller.g.vcf.gz",
                "Ashkenazim/NA24143_<version>_<date>/NA24143.haplotypecaller.g.vcf.gz.tbi",
                "Ashkenazim/NA24143_<version>_<date>/NA24143.per-base.bed.gz",
                "Ashkenazim/NA24143_<version>_<date>/NA24143.per-base.bed.gz.csi",
                "Ashkenazim/NA24143_<version>_<date>/mosdepth/NA24143.global.dist.txt",
                "Ashkenazim/NA24143_<version>_<date>/mosdepth/NA24143.region.dist.txt",
                "Ashkenazim/NA24143_<version>_<date>/mosdepth/NA24143.summary.txt",
                "Ashkenazim/NA24149_<version>_<date>/NA24149.bed",
                "Ashkenazim/NA24149_<version>_<date>/NA24149.haplotypecaller.bcftools_stats.txt",
                "Ashkenazim/NA24149_<version>_<date>/NA24149.haplotypecaller.g.vcf.gz",
                "Ashkenazim/NA24149_<version>_<date>/NA24149.haplotypecaller.g.vcf.gz.tbi",
                "Ashkenazim/NA24149_<version>_<date>/NA24149.per-base.bed.gz",
                "Ashkenazim/NA24149_<version>_<date>/NA24149.per-base.bed.gz.csi",
                "Ashkenazim/NA24149_<version>_<date>/mosdepth/NA24149.global.dist.txt",
                "Ashkenazim/NA24149_<version>_<date>/mosdepth/NA24149.region.dist.txt",
                "Ashkenazim/NA24149_<version>_<date>/mosdepth/NA24149.summary.txt",
                "Ashkenazim/NA24385_<version>_<date>/NA24385.bed",
                "Ashkenazim/NA24385_<version>_<date>/NA24385.haplotypecaller.bcftools_stats.txt",
                "Ashkenazim/NA24385_<version>_<date>/NA24385.haplotypecaller.g.vcf.gz",
                "Ashkenazim/NA24385_<version>_<date>/NA24385.haplotypecaller.g.vcf.gz.tbi",
                "Ashkenazim/NA24385_<version>_<date>/NA24385.per-base.bed.gz",
                "Ashkenazim/NA24385_<version>_<date>/NA24385.per-base.bed.gz.csi",
                "Ashkenazim/NA24385_<version>_<date>/mosdepth/NA24385.global.dist.txt",
                "Ashkenazim/NA24385_<version>_<date>/mosdepth/NA24385.region.dist.txt",
                "Ashkenazim/NA24385_<version>_<date>/mosdepth/NA24385.summary.txt",
                "Ashkenazim/output_<version>_<date>/Ashkenazim.haplotypecaller.bed",
                "Ashkenazim/output_<version>_<date>/Ashkenazim.haplotypecaller.ped",
                "Ashkenazim/output_<version>_<date>/Ashkenazim.haplotypecaller.vcf.gz",
                "Ashkenazim/output_<version>_<date>/Ashkenazim.haplotypecaller.vcf.gz.tbi",
                "Ashkenazim/qc_<version>_<date>/Ashkenazim.haplotypecaller.bcftools_stats.txt",
                "Ashkenazim/qc_<version>_<date>/Ashkenazim.haplotypecaller.html",
                "<version>_<date>/multiqc_report.html",
                "<version>_<date>/samplesheet.csv"
            ]
        ],
        "meta": {
            "nf-test": "0.9.2",
            "nextflow": "25.04.2"
        },
        "timestamp": "2025-05-21T11:56:03.019409546"
    },
    "pipeline_variations - annotate + vcfanno": {
        "content": [
            [
                "Ashkenazim/NA24143_<version>_<date>/NA24143.bed",
                "Ashkenazim/NA24143_<version>_<date>/NA24143.haplotypecaller.bcftools_stats.txt",
                "Ashkenazim/NA24143_<version>_<date>/NA24143.haplotypecaller.g.vcf.gz",
                "Ashkenazim/NA24143_<version>_<date>/NA24143.haplotypecaller.g.vcf.gz.tbi",
                "Ashkenazim/NA24143_<version>_<date>/NA24143.per-base.bed.gz",
                "Ashkenazim/NA24143_<version>_<date>/NA24143.per-base.bed.gz.csi",
                "Ashkenazim/NA24143_<version>_<date>/mosdepth/NA24143.global.dist.txt",
                "Ashkenazim/NA24143_<version>_<date>/mosdepth/NA24143.region.dist.txt",
                "Ashkenazim/NA24143_<version>_<date>/mosdepth/NA24143.summary.txt",
                "Ashkenazim/NA24149_<version>_<date>/NA24149.bed",
                "Ashkenazim/NA24149_<version>_<date>/NA24149.haplotypecaller.bcftools_stats.txt",
                "Ashkenazim/NA24149_<version>_<date>/NA24149.haplotypecaller.g.vcf.gz",
                "Ashkenazim/NA24149_<version>_<date>/NA24149.haplotypecaller.g.vcf.gz.tbi",
                "Ashkenazim/NA24149_<version>_<date>/NA24149.per-base.bed.gz",
                "Ashkenazim/NA24149_<version>_<date>/NA24149.per-base.bed.gz.csi",
                "Ashkenazim/NA24149_<version>_<date>/mosdepth/NA24149.global.dist.txt",
                "Ashkenazim/NA24149_<version>_<date>/mosdepth/NA24149.region.dist.txt",
                "Ashkenazim/NA24149_<version>_<date>/mosdepth/NA24149.summary.txt",
                "Ashkenazim/NA24385_<version>_<date>/NA24385.bed",
                "Ashkenazim/NA24385_<version>_<date>/NA24385.haplotypecaller.bcftools_stats.txt",
                "Ashkenazim/NA24385_<version>_<date>/NA24385.haplotypecaller.g.vcf.gz",
                "Ashkenazim/NA24385_<version>_<date>/NA24385.haplotypecaller.g.vcf.gz.tbi",
                "Ashkenazim/NA24385_<version>_<date>/NA24385.per-base.bed.gz",
                "Ashkenazim/NA24385_<version>_<date>/NA24385.per-base.bed.gz.csi",
                "Ashkenazim/NA24385_<version>_<date>/mosdepth/NA24385.global.dist.txt",
                "Ashkenazim/NA24385_<version>_<date>/mosdepth/NA24385.region.dist.txt",
                "Ashkenazim/NA24385_<version>_<date>/mosdepth/NA24385.summary.txt",
                "Ashkenazim/output_<version>_<date>/Ashkenazim.haplotypecaller.bed",
                "Ashkenazim/output_<version>_<date>/Ashkenazim.haplotypecaller.ped",
                "Ashkenazim/output_<version>_<date>/Ashkenazim.haplotypecaller.vcf.gz",
                "Ashkenazim/output_<version>_<date>/Ashkenazim.haplotypecaller.vcf.gz.tbi",
                "Ashkenazim/qc_<version>_<date>/Ashkenazim.haplotypecaller.bcftools_stats.txt",
                "Ashkenazim/qc_<version>_<date>/Ashkenazim.haplotypecaller.html",
                "<version>_<date>/multiqc_report.html",
                "<version>_<date>/samplesheet.csv"
            ]
        ],
        "meta": {
            "nf-test": "0.9.2",
            "nextflow": "25.04.2"
        },
        "timestamp": "2025-05-21T11:53:23.090090675"
    },
    "pipeline_variations - annotate": {
        "content": [
            [
                "Ashkenazim/NA24143_<version>_<date>/NA24143.bed",
                "Ashkenazim/NA24143_<version>_<date>/NA24143.haplotypecaller.bcftools_stats.txt",
                "Ashkenazim/NA24143_<version>_<date>/NA24143.haplotypecaller.g.vcf.gz",
                "Ashkenazim/NA24143_<version>_<date>/NA24143.haplotypecaller.g.vcf.gz.tbi",
                "Ashkenazim/NA24143_<version>_<date>/NA24143.per-base.bed.gz",
                "Ashkenazim/NA24143_<version>_<date>/NA24143.per-base.bed.gz.csi",
                "Ashkenazim/NA24143_<version>_<date>/mosdepth/NA24143.global.dist.txt",
                "Ashkenazim/NA24143_<version>_<date>/mosdepth/NA24143.region.dist.txt",
                "Ashkenazim/NA24143_<version>_<date>/mosdepth/NA24143.summary.txt",
                "Ashkenazim/NA24149_<version>_<date>/NA24149.bed",
                "Ashkenazim/NA24149_<version>_<date>/NA24149.haplotypecaller.bcftools_stats.txt",
                "Ashkenazim/NA24149_<version>_<date>/NA24149.haplotypecaller.g.vcf.gz",
                "Ashkenazim/NA24149_<version>_<date>/NA24149.haplotypecaller.g.vcf.gz.tbi",
                "Ashkenazim/NA24149_<version>_<date>/NA24149.per-base.bed.gz",
                "Ashkenazim/NA24149_<version>_<date>/NA24149.per-base.bed.gz.csi",
                "Ashkenazim/NA24149_<version>_<date>/mosdepth/NA24149.global.dist.txt",
                "Ashkenazim/NA24149_<version>_<date>/mosdepth/NA24149.region.dist.txt",
                "Ashkenazim/NA24149_<version>_<date>/mosdepth/NA24149.summary.txt",
                "Ashkenazim/NA24385_<version>_<date>/NA24385.bed",
                "Ashkenazim/NA24385_<version>_<date>/NA24385.haplotypecaller.bcftools_stats.txt",
                "Ashkenazim/NA24385_<version>_<date>/NA24385.haplotypecaller.g.vcf.gz",
                "Ashkenazim/NA24385_<version>_<date>/NA24385.haplotypecaller.g.vcf.gz.tbi",
                "Ashkenazim/NA24385_<version>_<date>/NA24385.per-base.bed.gz",
                "Ashkenazim/NA24385_<version>_<date>/NA24385.per-base.bed.gz.csi",
                "Ashkenazim/NA24385_<version>_<date>/mosdepth/NA24385.global.dist.txt",
                "Ashkenazim/NA24385_<version>_<date>/mosdepth/NA24385.region.dist.txt",
                "Ashkenazim/NA24385_<version>_<date>/mosdepth/NA24385.summary.txt",
                "Ashkenazim/output_<version>_<date>/Ashkenazim.haplotypecaller.bed",
                "Ashkenazim/output_<version>_<date>/Ashkenazim.haplotypecaller.ped",
                "Ashkenazim/output_<version>_<date>/Ashkenazim.haplotypecaller.vcf.gz",
                "Ashkenazim/output_<version>_<date>/Ashkenazim.haplotypecaller.vcf.gz.tbi",
                "Ashkenazim/qc_<version>_<date>/Ashkenazim.haplotypecaller.bcftools_stats.txt",
                "Ashkenazim/qc_<version>_<date>/Ashkenazim.haplotypecaller.html",
                "<version>_<date>/multiqc_report.html",
                "<version>_<date>/samplesheet.csv"
            ]
        ],
        "meta": {
            "nf-test": "0.9.2",
            "nextflow": "25.04.2"
        },
        "timestamp": "2025-05-21T11:50:24.357133999"
    },
    "pipeline_variations - only_call": {
        "content": [
            [
                "Ashkenazim/NA24143_<version>_<date>/NA24143.bed",
                "Ashkenazim/NA24143_<version>_<date>/NA24143.haplotypecaller.bcftools_stats.txt",
                "Ashkenazim/NA24143_<version>_<date>/NA24143.haplotypecaller.g.vcf.gz",
                "Ashkenazim/NA24143_<version>_<date>/NA24143.haplotypecaller.g.vcf.gz.tbi",
                "Ashkenazim/NA24143_<version>_<date>/NA24143.per-base.bed.gz",
                "Ashkenazim/NA24143_<version>_<date>/NA24143.per-base.bed.gz.csi",
                "Ashkenazim/NA24143_<version>_<date>/mosdepth/NA24143.global.dist.txt",
                "Ashkenazim/NA24143_<version>_<date>/mosdepth/NA24143.region.dist.txt",
                "Ashkenazim/NA24143_<version>_<date>/mosdepth/NA24143.summary.txt",
                "Ashkenazim/NA24149_<version>_<date>/NA24149.bed",
                "Ashkenazim/NA24149_<version>_<date>/NA24149.haplotypecaller.bcftools_stats.txt",
                "Ashkenazim/NA24149_<version>_<date>/NA24149.haplotypecaller.g.vcf.gz",
                "Ashkenazim/NA24149_<version>_<date>/NA24149.haplotypecaller.g.vcf.gz.tbi",
                "Ashkenazim/NA24149_<version>_<date>/NA24149.per-base.bed.gz",
                "Ashkenazim/NA24149_<version>_<date>/NA24149.per-base.bed.gz.csi",
                "Ashkenazim/NA24149_<version>_<date>/mosdepth/NA24149.global.dist.txt",
                "Ashkenazim/NA24149_<version>_<date>/mosdepth/NA24149.region.dist.txt",
                "Ashkenazim/NA24149_<version>_<date>/mosdepth/NA24149.summary.txt",
                "Ashkenazim/NA24385_<version>_<date>/NA24385.bed",
                "Ashkenazim/NA24385_<version>_<date>/NA24385.haplotypecaller.bcftools_stats.txt",
                "Ashkenazim/NA24385_<version>_<date>/NA24385.haplotypecaller.g.vcf.gz",
                "Ashkenazim/NA24385_<version>_<date>/NA24385.haplotypecaller.g.vcf.gz.tbi",
                "Ashkenazim/NA24385_<version>_<date>/NA24385.per-base.bed.gz",
                "Ashkenazim/NA24385_<version>_<date>/NA24385.per-base.bed.gz.csi",
                "Ashkenazim/NA24385_<version>_<date>/mosdepth/NA24385.global.dist.txt",
                "Ashkenazim/NA24385_<version>_<date>/mosdepth/NA24385.region.dist.txt",
                "Ashkenazim/NA24385_<version>_<date>/mosdepth/NA24385.summary.txt",
                "<version>_<date>/multiqc_report.html",
                "<version>_<date>/samplesheet.csv"
            ]
        ],
        "meta": {
            "nf-test": "0.9.2",
            "nextflow": "25.04.2"
        },
        "timestamp": "2025-05-21T11:57:46.187295532"
    },
    "pipeline_variations - automap": {
        "content": [
            [
                "Ashkenazim/NA24143_<version>_<date>/NA24143.bed",
                "Ashkenazim/NA24143_<version>_<date>/NA24143.haplotypecaller.bcftools_stats.txt",
                "Ashkenazim/NA24143_<version>_<date>/NA24143.haplotypecaller.g.vcf.gz",
                "Ashkenazim/NA24143_<version>_<date>/NA24143.haplotypecaller.g.vcf.gz.tbi",
                "Ashkenazim/NA24143_<version>_<date>/NA24143.per-base.bed.gz",
                "Ashkenazim/NA24143_<version>_<date>/NA24143.per-base.bed.gz.csi",
                "Ashkenazim/NA24143_<version>_<date>/mosdepth/NA24143.global.dist.txt",
                "Ashkenazim/NA24143_<version>_<date>/mosdepth/NA24143.region.dist.txt",
                "Ashkenazim/NA24143_<version>_<date>/mosdepth/NA24143.summary.txt",
                "Ashkenazim/NA24149_<version>_<date>/NA24149.bed",
                "Ashkenazim/NA24149_<version>_<date>/NA24149.haplotypecaller.bcftools_stats.txt",
                "Ashkenazim/NA24149_<version>_<date>/NA24149.haplotypecaller.g.vcf.gz",
                "Ashkenazim/NA24149_<version>_<date>/NA24149.haplotypecaller.g.vcf.gz.tbi",
                "Ashkenazim/NA24149_<version>_<date>/NA24149.per-base.bed.gz",
                "Ashkenazim/NA24149_<version>_<date>/NA24149.per-base.bed.gz.csi",
                "Ashkenazim/NA24149_<version>_<date>/mosdepth/NA24149.global.dist.txt",
                "Ashkenazim/NA24149_<version>_<date>/mosdepth/NA24149.region.dist.txt",
                "Ashkenazim/NA24149_<version>_<date>/mosdepth/NA24149.summary.txt",
                "Ashkenazim/NA24385_<version>_<date>/NA24385.bed",
                "Ashkenazim/NA24385_<version>_<date>/NA24385.haplotypecaller.bcftools_stats.txt",
                "Ashkenazim/NA24385_<version>_<date>/NA24385.haplotypecaller.g.vcf.gz",
                "Ashkenazim/NA24385_<version>_<date>/NA24385.haplotypecaller.g.vcf.gz.tbi",
                "Ashkenazim/NA24385_<version>_<date>/NA24385.per-base.bed.gz",
                "Ashkenazim/NA24385_<version>_<date>/NA24385.per-base.bed.gz.csi",
                "Ashkenazim/NA24385_<version>_<date>/mosdepth/NA24385.global.dist.txt",
                "Ashkenazim/NA24385_<version>_<date>/mosdepth/NA24385.region.dist.txt",
                "Ashkenazim/NA24385_<version>_<date>/mosdepth/NA24385.summary.txt",
                "Ashkenazim/output_<version>_<date>/Ashkenazim.haplotypecaller.bed",
                "Ashkenazim/output_<version>_<date>/Ashkenazim.haplotypecaller.ped",
                "Ashkenazim/output_<version>_<date>/Ashkenazim.haplotypecaller.vcf.gz",
                "Ashkenazim/output_<version>_<date>/Ashkenazim.haplotypecaller.vcf.gz.tbi",
                "Ashkenazim/output_<version>_<date>/automap/haplotypecaller/sample1/sample1.HomRegions.cmgg_bio.tsv",
                "Ashkenazim/output_<version>_<date>/automap/haplotypecaller/sample1/sample1.HomRegions.pdf",
                "Ashkenazim/output_<version>_<date>/automap/haplotypecaller/sample1/sample1.HomRegions.strict.cmgg_bio.tsv",
                "Ashkenazim/output_<version>_<date>/automap/haplotypecaller/sample1/sample1.HomRegions.tsv",
                "Ashkenazim/output_<version>_<date>/automap/haplotypecaller/sample2/sample2.HomRegions.cmgg_bio.tsv",
                "Ashkenazim/output_<version>_<date>/automap/haplotypecaller/sample2/sample2.HomRegions.pdf",
                "Ashkenazim/output_<version>_<date>/automap/haplotypecaller/sample2/sample2.HomRegions.strict.cmgg_bio.tsv",
                "Ashkenazim/output_<version>_<date>/automap/haplotypecaller/sample2/sample2.HomRegions.tsv",
                "Ashkenazim/output_<version>_<date>/automap/haplotypecaller/sample3/sample3.HomRegions.cmgg_bio.tsv",
                "Ashkenazim/output_<version>_<date>/automap/haplotypecaller/sample3/sample3.HomRegions.pdf",
                "Ashkenazim/output_<version>_<date>/automap/haplotypecaller/sample3/sample3.HomRegions.strict.cmgg_bio.tsv",
                "Ashkenazim/output_<version>_<date>/automap/haplotypecaller/sample3/sample3.HomRegions.tsv",
                "Ashkenazim/qc_<version>_<date>/Ashkenazim.haplotypecaller.bcftools_stats.txt",
                "Ashkenazim/qc_<version>_<date>/Ashkenazim.haplotypecaller.html",
                "<version>_<date>/multiqc_report.html",
                "<version>_<date>/samplesheet.csv"
            ]
        ],
        "meta": {
            "nf-test": "0.9.2",
            "nextflow": "25.04.2"
        },
        "timestamp": "2025-05-21T12:02:03.571724156"
    }
}